bun test v1.3.11 (af24e281)

src/server/dev-startup-config.test.ts:
 9 | 
10 | describe('dev startup config', () => {
11 |   it('auto-starts the Semantier backend and Hermes dashboard wrapper', () => {
12 |     const source = readFileSync(VITE_CONFIG_PATH, 'utf-8')
13 | 
14 |     expect(source).toContain("[semantier-backend]")
                        ^
error: expect(received).toContain(expected)

Expected to contain: "[semantier-backend]"
Received: "import { URL, fileURLToPath } from 'node:url'\nimport { execSync, spawn } from 'node:child_process'\nimport type { ChildProcess } from 'node:child_process'\nimport { copyFileSync, existsSync, mkdirSync } from 'node:fs'\nimport net from 'node:net'\nimport { resolve, dirname } from 'node:path'\nimport os from 'node:os'\n\n// devtools removed\nimport { tanstackStart } from '@tanstack/react-start/plugin/vite'\nimport viteReact from '@vitejs/plugin-react'\nimport tailwindcss from '@tailwindcss/vite'\n// nitro plugin removed (tanstackStart handles server runtime)\nimport { defineConfig, loadEnv } from 'vite'\nimport viteTsConfigPaths from 'vite-tsconfig-paths'\n\n// ---------------------------------------------------------------------------\n// Local service auto-start helpers\n// ---------------------------------------------------------------------------\n\nfunction normalizeServiceUrl(rawValue: string | undefined, fallback: string): string {\n  return rawValue?.trim() || fallback\n}\n\nfunction isLoopbackUrl(rawValue: string): boolean {\n  try {\n    const parsed = new URL(rawValue)\n    return parsed.hostname === '127.0.0.1' || parsed.hostname === 'localhost'\n  } catch {\n    return false\n  }\n}\n\nfunction getServicePort(rawValue: string, fallbackPort: number): number {\n  try {\n    const parsed = new URL(rawValue)\n    if (parsed.port) return Number(parsed.port)\n    return parsed.protocol === 'https:' ? 443 : 80\n  } catch {\n    return fallbackPort\n  }\n}\n\nfunction localServiceLabel(name: string): string {\n  return `[${name}]`\n}\n\n/** Resolve the hermes-agent directory using a priority-ordered fallback chain:\n *  1. HERMES_AGENT_PATH env var (explicit override)\n *  2. ../hermes-agent  — sibling clone (standard README setup)\n *  3. ../../hermes-agent — one level up (monorepo / nested workspace)\n *  Returns null if none found.\n */\nfunction resolveHermesAgentDir(env: Record<string, string>): string | null {\n  const candidates: string[] = []\n\n  if (env.HERMES_AGENT_PATH?.trim()) {\n    candidates.push(env.HERMES_AGENT_PATH.trim())\n  }\n\n  // Resolve relative to the workspace root (parent of hermes-workspace/)\n  const workspaceRoot = dirname(resolve('.'))\n  candidates.push(\n    resolve(workspaceRoot, 'hermes-agent'), // sibling hermes-agent directory\n    resolve(workspaceRoot, '..', 'hermes-agent'), // one level up\n  )\n\n  for (const candidate of candidates) {\n    if (existsSync(resolve(candidate, 'gateway', 'run.py'))) return candidate\n  }\n  return null\n}\n\n/** Resolve the Python executable to use for Hermes backend startup.\n *  Prefers .venv/bin/python inside agentDir, falls back to system python3.\n */\nfunction resolveHermesPython(agentDir: string): string {\n  const venvPython = resolve(agentDir, '.venv', 'bin', 'python')\n  if (existsSync(venvPython)) return venvPython\n  // uv creates 'venv' not '.venv' sometimes\n  const uvVenv = resolve(agentDir, 'venv', 'bin', 'python')\n  if (existsSync(uvVenv)) return uvVenv\n  return 'python3'\n}\n\nfunction resolveSemantierAgentDir(env: Record<string, string>): string | null {\n  const candidates: string[] = []\n\n  if (env.VIBE_AGENT_PATH?.trim()) {\n    candidates.push(env.VIBE_AGENT_PATH.trim())\n  }\n\n  const workspaceRoot = dirname(resolve('.'))\n  candidates.push(\n    resolve(workspaceRoot, 'agent'),\n    resolve(workspaceRoot, '..', 'agent'),\n  )\n\n  for (const candidate of candidates) {\n    if (\n      existsSync(resolve(candidate, 'api_server.py')) &&\n      existsSync(resolve(candidate, 'hermes_dashboard_wrapper.py'))\n    ) {\n      return candidate\n    }\n  }\n  return null\n}\n\nfunction resolveSemantierPython(agentDir: string): string {\n  const venvPython = resolve(agentDir, '.venv', 'bin', 'python')\n  if (existsSync(venvPython)) return venvPython\n  const uvVenv = resolve(agentDir, 'venv', 'bin', 'python')\n  if (existsSync(uvVenv)) return uvVenv\n  return 'python3'\n}\n\nasync function isHealthyEndpoint(url: string, path: string): Promise<boolean> {\n  try {\n    const base = url.replace(/\\/$/, '')\n    const r = await fetch(`${base}${path}`, {\n      signal: AbortSignal.timeout(2000),\n    })\n    return r.ok\n  } catch {\n    return false\n  }\n}\n\nconst config = defineConfig(({ mode, command }) => {\n  const env = loadEnv(mode, process.cwd(), '')\n  const hermesApiUrl = normalizeServiceUrl(\n    env.HERMES_API_URL || process.env.HERMES_API_URL,\n    'http://127.0.0.1:8642',\n  )\n  const vibeAgentUrl = normalizeServiceUrl(\n    env.VIBE_AGENT_API_URL || process.env.VIBE_AGENT_API_URL,\n    'http://127.0.0.1:8899',\n  )\n  const hermesDashboardUrl = normalizeServiceUrl(\n    env.HERMES_DASHBOARD_URL || process.env.HERMES_DASHBOARD_URL,\n    'http://127.0.0.1:9119',\n  )\n\n  // Local service auto-start state\n  let hermesGatewayChild: ChildProcess | null = null\n  let hermesGatewayStarted = false\n  let semantierBackendChild: ChildProcess | null = null\n  let semantierBackendStarted = false\n  let hermesDashboardChild: ChildProcess | null = null\n  let hermesDashboardStarted = false\n\n  const startHermesGateway = async () => {\n    if (hermesGatewayStarted) return\n    if (!isLoopbackUrl(hermesApiUrl)) {\n      console.log(\n        `${localServiceLabel('hermes-gateway')} Skipping auto-start — using external API: ${hermesApiUrl}`,\n      )\n      hermesGatewayStarted = true\n      return\n    }\n    if (await isHealthyEndpoint(hermesApiUrl, '/health')) {\n      console.log(\n        `${localServiceLabel('hermes-gateway')} Already running — reusing existing process`,\n      )\n      hermesGatewayStarted = true\n      return\n    }\n\n    const agentDir = resolveHermesAgentDir(env)\n    if (!agentDir) {\n      console.warn(\n        `${localServiceLabel('hermes-gateway')} Could not find hermes-agent directory.\\n` +\n          '  Set HERMES_AGENT_PATH in .env or clone hermes-agent as a sibling:\\n' +\n          '    Ensure hermes-agent exists as a sibling directory (../hermes-agent) or set HERMES_AGENT_PATH in .env',\n      )\n      return\n    }\n\n    const python = resolveHermesPython(agentDir)\n    const useGatewayRun = existsSync(resolve(agentDir, 'gateway', 'run.py'))\n    const gatewayPort = String(getServicePort(hermesApiUrl, 8642))\n    const commandArgs = useGatewayRun\n      ? ['-m', 'gateway.run']\n      : ['-m', 'uvicorn', 'webapi.app:app', '--host', '0.0.0.0', '--port', gatewayPort]\n\n    console.log(\n      `${localServiceLabel('hermes-gateway')} Starting from ${agentDir} using ${python} (${useGatewayRun ? 'gateway.run' : `uvicorn :${gatewayPort}`})`,\n    )\n\n    const child = spawn(\n      python,\n      commandArgs,\n      {\n        cwd: agentDir,\n        detached: false, // keep tied to vite process — stops when dev server stops\n        stdio: 'pipe',\n        env: {\n          ...process.env,\n          PATH: `${resolve(agentDir, '.venv', 'bin')}:${resolve(agentDir, 'venv', 'bin')}:${process.env.PATH || ''}`,\n        },\n      },\n    )\n\n    hermesGatewayChild = child\n    hermesGatewayStarted = true\n\n    child.stdout?.on('data', (d: Buffer) => {\n      const line = d.toString().trim()\n      if (line) console.log(`${localServiceLabel('hermes-gateway')} ${line}`)\n    })\n    child.stderr?.on('data', (d: Buffer) => {\n      const line = d.toString().trim()\n      if (line) console.log(`${localServiceLabel('hermes-gateway')} ${line}`)\n    })\n\n    child.on('exit', (code) => {\n      hermesGatewayChild = null\n      hermesGatewayStarted = false\n      if (code !== 0 && code !== null) {\n        console.warn(`${localServiceLabel('hermes-gateway')} Exited with code ${code}`)\n      }\n    })\n\n    // Wait for healthy\n    for (let i = 0; i < 15; i++) {\n      await new Promise((r) => setTimeout(r, 1000))\n      if (await isHealthyEndpoint(hermesApiUrl, '/health')) {\n        console.log(`${localServiceLabel('hermes-gateway')} ✓ Ready on ${hermesApiUrl}`)\n        return\n      }\n    }\n    console.warn(\n      `${localServiceLabel('hermes-gateway')} Started but health check timed out — may still be loading`,\n    )\n  }\n\n  const startSemantierBackend = async () => {\n    if (semantierBackendStarted) return\n    if (!isLoopbackUrl(vibeAgentUrl)) {\n      console.log(\n        `${localServiceLabel('semantier-backend')} Skipping auto-start — using external API: ${vibeAgentUrl}`,\n      )\n      semantierBackendStarted = true\n      return\n    }\n    if (await isHealthyEndpoint(vibeAgentUrl, '/health')) {\n      console.log(\n        `${localServiceLabel('semantier-backend')} Already running — reusing existing process`,\n      )\n      semantierBackendStarted = true\n      return\n    }\n\n    const agentDir = resolveSemantierAgentDir(env)\n    if (!agentDir) {\n      console.warn(\n        `${localServiceLabel('semantier-backend')} Could not find the local /agent directory.\\n` +\n          '  Set VIBE_AGENT_PATH in .env or ensure ../agent exists beside hermes-workspace.',\n      )\n      return\n    }\n\n    const python = resolveSemantierPython(agentDir)\n    const backendPort = String(getServicePort(vibeAgentUrl, 8899))\n    console.log(\n      `${localServiceLabel('semantier-backend')} Starting from ${agentDir} using ${python} (api_server.py :${backendPort})`,\n    )\n\n    const child = spawn(python, ['api_server.py', '--host', '0.0.0.0', '--port', backendPort], {\n      cwd: agentDir,\n      detached: false,\n      stdio: 'pipe',\n      env: {\n        ...process.env,\n        PATH: `${resolve(agentDir, '.venv', 'bin')}:${resolve(agentDir, 'venv', 'bin')}:${process.env.PATH || ''}`,\n      },\n    })\n\n    semantierBackendChild = child\n    semantierBackendStarted = true\n\n    child.stdout?.on('data', (d: Buffer) => {\n      const line = d.toString().trim()\n      if (line) console.log(`${localServiceLabel('semantier-backend')} ${line}`)\n    })\n    child.stderr?.on('data', (d: Buffer) => {\n      const line = d.toString().trim()\n      if (line) console.log(`${localServiceLabel('semantier-backend')} ${line}`)\n    })\n\n    child.on('exit', (code) => {\n      semantierBackendChild = null\n      semantierBackendStarted = false\n      if (code !== 0 && code !== null) {\n        console.warn(`${localServiceLabel('semantier-backend')} Exited with code ${code}`)\n      }\n    })\n\n    for (let i = 0; i < 15; i++) {\n      await new Promise((r) => setTimeout(r, 1000))\n      if (await isHealthyEndpoint(vibeAgentUrl, '/health')) {\n        console.log(`${localServiceLabel('semantier-backend')} ✓ Ready on ${vibeAgentUrl}`)\n        return\n      }\n    }\n\n    console.warn(\n      `${localServiceLabel('semantier-backend')} Started but health check timed out — may still be loading`,\n    )\n  }\n\n  const startHermesDashboard = async () => {\n    if (hermesDashboardStarted) return\n    if (!isLoopbackUrl(hermesDashboardUrl)) {\n      console.log(\n        `${localServiceLabel('hermes-dashboard')} Skipping auto-start — using external dashboard: ${hermesDashboardUrl}`,\n      )\n      hermesDashboardStarted = true\n      return\n    }\n    if (await isHealthyEndpoint(hermesDashboardUrl, '/api/status')) {\n      console.log(\n        `${localServiceLabel('hermes-dashboard')} Already running — reusing existing process`,\n      )\n      hermesDashboardStarted = true\n      return\n    }\n\n    const agentDir = resolveSemantierAgentDir(env)\n    if (!agentDir) {\n      console.warn(\n        `${localServiceLabel('hermes-dashboard')} Could not find the local /agent directory.\\n` +\n          '  Set VIBE_AGENT_PATH in .env or ensure ../agent exists beside hermes-workspace.',\n      )\n      return\n    }\n\n    const python = resolveSemantierPython(agentDir)\n    const dashboardPort = String(getServicePort(hermesDashboardUrl, 9119))\n    console.log(\n      `${localServiceLabel('hermes-dashboard')} Starting from ${agentDir} using ${python} (hermes_dashboard_wrapper:app :${dashboardPort})`,\n    )\n\n    const child = spawn(\n      python,\n      ['-m', 'uvicorn', 'hermes_dashboard_wrapper:app', '--host', '0.0.0.0', '--port', dashboardPort, '--log-level', 'warning'],\n      {\n        cwd: agentDir,\n        detached: false,\n        stdio: 'pipe',\n        env: {\n          ...process.env,\n          PATH: `${resolve(agentDir, '.venv', 'bin')}:${resolve(agentDir, 'venv', 'bin')}:${process.env.PATH || ''}`,\n        },\n      },\n    )\n\n    hermesDashboardChild = child\n    hermesDashboardStarted = true\n\n    child.stdout?.on('data', (d: Buffer) => {\n      const line = d.toString().trim()\n      if (line) console.log(`${localServiceLabel('hermes-dashboard')} ${line}`)\n    })\n    child.stderr?.on('data', (d: Buffer) => {\n      const line = d.toString().trim()\n      if (line) console.log(`${localServiceLabel('hermes-dashboard')} ${line}`)\n    })\n\n    child.on('exit', (code) => {\n      hermesDashboardChild = null\n      hermesDashboardStarted = false\n      if (code !== 0 && code !== null) {\n        console.warn(`${localServiceLabel('hermes-dashboard')} Exited with code ${code}`)\n      }\n    })\n\n    for (let i = 0; i < 15; i++) {\n      await new Promise((r) => setTimeout(r, 1000))\n      if (await isHealthyEndpoint(hermesDashboardUrl, '/api/status')) {\n        console.log(`${localServiceLabel('hermes-dashboard')} ✓ Ready on ${hermesDashboardUrl}`)\n        return\n      }\n    }\n\n    console.warn(\n      `${localServiceLabel('hermes-dashboard')} Started but health check timed out — may still be loading`,\n    )\n  }\n\n  let workspaceDaemonStarted = false\n  let workspaceDaemonStarting = false\n  let workspaceDaemonShuttingDown = false\n  let workspaceDaemonRestarting = false\n  let workspaceDaemonChild: ChildProcess | null = null\n  let workspaceDaemonRetryCount = 0\n  const workspaceDaemonPort = '3099'\n  const daemonCwd = resolve('workspace-daemon')\n  const daemonSrcEntry = resolve('workspace-daemon/src/server.ts')\n  const daemonDistEntry = resolve('workspace-daemon/dist/server.js')\n  const workspaceDaemonDbPath = resolve(\n    'workspace-daemon/.workspaces/workspace.db',\n  )\n\n  const getWorkspaceDaemonDelayMs = (attempt: number) =>\n    Math.min(1000 * 2 ** Math.max(attempt - 1, 0), 30000)\n\n  const startWorkspaceDaemon = () => {\n    if (workspaceDaemonShuttingDown) return\n    if (workspaceDaemonStarted || workspaceDaemonStarting) return\n\n    const spawnCommand = existsSync(daemonSrcEntry)\n      ? {\n          commandName: 'npx',\n          args: ['tsx', 'watch', 'src/server.ts'],\n          options: {\n            cwd: daemonCwd,\n            env: {\n              ...process.env,\n              PORT: workspaceDaemonPort,\n              DB_PATH: workspaceDaemonDbPath,\n              ANTHROPIC_API_KEY: process.env.ANTHROPIC_API_KEY ?? '',\n            },\n            stdio: 'inherit' as const,\n          },\n        }\n      : existsSync(daemonDistEntry)\n        ? {\n            commandName: 'node',\n            args: ['dist/server.js'],\n            options: {\n              cwd: daemonCwd,\n              env: {\n                ...process.env,\n                PORT: workspaceDaemonPort,\n                DB_PATH: workspaceDaemonDbPath,\n                ANTHROPIC_API_KEY: process.env.ANTHROPIC_API_KEY ?? '',\n              },\n              stdio: 'inherit' as const,\n            },\n          }\n        : null\n\n    if (!spawnCommand) {\n      workspaceDaemonStarting = false\n      console.error('[workspace-daemon] no server entry found to spawn.')\n      return\n    }\n\n    workspaceDaemonStarted = true\n    workspaceDaemonStarting = false\n    const child = spawn(\n      spawnCommand.commandName,\n      spawnCommand.args,\n      spawnCommand.options,\n    )\n    workspaceDaemonChild = child\n\n    child.on('exit', (code) => {\n      if (workspaceDaemonChild === child) {\n        workspaceDaemonChild = null\n      }\n\n      if (workspaceDaemonShuttingDown || workspaceDaemonRestarting) {\n        workspaceDaemonStarted = false\n        workspaceDaemonStarting = false\n        return\n      }\n\n      if (code === 0) {\n        workspaceDaemonStarted = false\n        workspaceDaemonStarting = false\n        return\n      }\n\n      if (workspaceDaemonRetryCount >= 20) {\n        workspaceDaemonStarted = false\n        workspaceDaemonStarting = false\n        console.error(\n          `[workspace-daemon] crashed with code ${code ?? 'unknown'}; max restart attempts reached.`,\n        )\n        return\n      }\n\n      workspaceDaemonRetryCount += 1\n      const delayMs = getWorkspaceDaemonDelayMs(workspaceDaemonRetryCount)\n      console.error(\n        `[workspace-daemon] crashed with code ${code ?? 'unknown'}; restarting in ${Math.round(\n          delayMs / 1000,\n        )}s (${workspaceDaemonRetryCount}/20).`,\n      )\n\n      workspaceDaemonStarting = true\n      workspaceDaemonStarted = false\n      setTimeout(() => {\n        startWorkspaceDaemon()\n      }, delayMs)\n    })\n\n    child.on('error', (error) => {\n      console.error(`[workspace-daemon] failed to spawn: ${error.message}`)\n    })\n  }\n\n  const stopWorkspaceDaemon = async () => {\n    const child = workspaceDaemonChild\n    if (!child) {\n      workspaceDaemonStarted = false\n      workspaceDaemonStarting = false\n      return\n    }\n\n    workspaceDaemonRestarting = true\n\n    await new Promise<void>((resolve) => {\n      const exitTimer = setTimeout(() => {\n        if (!child.killed && child.pid) {\n          try {\n            process.kill(child.pid, 'SIGKILL')\n          } catch {\n            // ignore\n          }\n        }\n      }, 5000)\n\n      child.once('exit', () => {\n        clearTimeout(exitTimer)\n        resolve()\n      })\n\n      if (child.pid) {\n        try {\n          process.kill(child.pid, 'SIGTERM')\n        } catch {\n          clearTimeout(exitTimer)\n          resolve()\n        }\n      } else {\n        clearTimeout(exitTimer)\n        resolve()\n      }\n    })\n\n    workspaceDaemonStarted = false\n    workspaceDaemonStarting = false\n    workspaceDaemonRestarting = false\n  }\n\n  const restartWorkspaceDaemon = async () => {\n    workspaceDaemonRetryCount = 0\n    await stopWorkspaceDaemon()\n    workspaceDaemonStarted = false\n    workspaceDaemonStarting = false\n    startWorkspaceDaemon()\n  }\n\n  const isPortInUse = (port: number) =>\n    new Promise<boolean>((resolvePortCheck) => {\n      const socket = net.createConnection({ port, host: '127.0.0.1' })\n      socket.once('connect', () => {\n        socket.destroy()\n        resolvePortCheck(true)\n      })\n      socket.once('error', () => resolvePortCheck(false))\n    })\n\n  const hasHealthyWorkspaceDaemon = async () => {\n    try {\n      const response = await fetch(\n        `http://127.0.0.1:${workspaceDaemonPort}/api/workspace/version`,\n        {\n          signal: AbortSignal.timeout(2000),\n        },\n      )\n      return response.ok\n    } catch {\n      return false\n    }\n  }\n\n  // Allow access from Tailscale, LAN, or custom domains via env var\n  // e.g. HERMES_ALLOWED_HOSTS=my-server.tail1234.ts.net,192.168.1.50\n  const _allowedHosts: string[] | true = env.HERMES_ALLOWED_HOSTS?.trim()\n    ? env\n        .HERMES_ALLOWED_HOSTS!.split(',')\n        .map((h) => h.trim())\n        .filter(Boolean)\n    : ['.ts.net'] // allow all Tailscale hostnames by default\n  let proxyTarget = 'http://127.0.0.1:18789'\n\n  try {\n    const parsed = new URL(hermesApiUrl)\n    parsed.protocol = parsed.protocol === 'wss:' ? 'https:' : 'http:'\n    parsed.pathname = ''\n    proxyTarget = parsed.toString().replace(/\\/$/, '')\n  } catch {\n    // fallback\n  }\n\n  return {\n    define: {\n      // Note: Do NOT set 'process.env': {} here — TanStack Start uses environment-based\n      // builds where isSsrBuild is unreliable. Blanket process.env replacement breaks\n      // server-side code in Docker (kills runtime env var access).\n      // Client-side process.env is handled per-environment below.\n    },\n    resolve: {\n      alias: {\n        '@': fileURLToPath(new URL('./src', import.meta.url)),\n      },\n    },\n    ssr: {\n      external: [\n        'playwright',\n        'playwright-core',\n        'playwright-extra',\n        'puppeteer-extra-plugin-stealth',\n      ],\n    },\n    optimizeDeps: {\n      exclude: [\n        'playwright',\n        'playwright-core',\n        'playwright-extra',\n        'puppeteer-extra-plugin-stealth',\n      ],\n    },\n    server: {\n      // Force IPv4 — 'localhost' resolves to ::1 (IPv6) on Windows, breaking connectivity\n      host: '0.0.0.0',\n      port: 3002,\n      strictPort: false, // allow fallback if 3002 is taken, but log clearly\n      allowedHosts: true,\n      watch: {\n        // Exclude generated route tree — TanStack Router's file watcher\n        // detects its own output as a change → infinite regeneration loop\n        ignored: ['**/routeTree.gen.ts'],\n      },\n      proxy: {\n        // WebSocket proxy: clients connect to /ws-hermes on the Hermes Workspace\n        // server (any IP/port), which internally forwards to the local server.\n        // This means phone/LAN/Docker users never need to reach port 18789 directly.\n        '/ws-hermes': {\n          target: proxyTarget,\n          changeOrigin: false,\n          ws: true,\n          rewrite: (path) => path.replace(/^\\/ws-hermes/, ''),\n        },\n// REST API proxy: API proxy for Hermes backend\n        '/api/hermes-proxy': {\n          target: proxyTarget,\n          changeOrigin: true,\n          rewrite: (path) => path.replace(/^\\/api\\/hermes-proxy/, ''),\n        },\n        '/hermes-ui': {\n          target: proxyTarget,\n          changeOrigin: true,\n          rewrite: (path) => path.replace(/^\\/hermes-ui/, ''),\n          ws: true,\n          configure: (proxy) => {\n            proxy.on('proxyRes', (_proxyRes) => {\n              // Strip iframe-blocking headers so we can embed\n              delete _proxyRes.headers['x-frame-options']\n              delete _proxyRes.headers['content-security-policy']\n            })\n          },\n        },\n        '/workspace-api': {\n          target: 'http://127.0.0.1:3099',\n          changeOrigin: true,\n          rewrite: (path) => path.replace(/^\\/workspace-api/, ''),\n        },\n      },\n    },\n    plugins: [\n      // devtools(),\n      // this is the plugin that enables path aliases\n      viteTsConfigPaths({\n        projects: ['./tsconfig.json'],\n      }),\n      tailwindcss(),\n      tanstackStart(),\n      viteReact(),\n      {\n        name: 'workspace-daemon',\n        buildStart() {\n          if (command !== 'serve') return\n        },\n        configureServer(server) {\n          server.middlewares.use(async (req, res, next) => {\n            const requestPath = req.url?.split('?')[0]\n            if (req.method === 'GET' && requestPath === '/api/healthcheck') {\n              res.statusCode = 200\n              res.setHeader('content-type', 'application/json')\n              res.end(JSON.stringify({ ok: true }))\n              return\n            }\n\n            // Portable-aware health check — returns ok if any chat backend is available\n            if (\n              req.method === 'GET' &&\n              requestPath === '/api/connection-status'\n            ) {\n              try {\n                // Check for enhanced Hermes gateway first (has /api/sessions)\n                const [modelsRes, sessionsRes] = await Promise.all([\n                  fetch(`${hermesApiUrl}/v1/models`, {\n                    signal: AbortSignal.timeout(3000),\n                  }).catch(() => null),\n                  fetch(`${hermesApiUrl}/api/sessions?limit=1`, {\n                    signal: AbortSignal.timeout(3000),\n                  }).catch(() => null),\n                ])\n                const hasModels = modelsRes?.ok ?? false\n                const hasSessions = sessionsRes?.ok ?? false\n                if (hasModels && hasSessions) {\n                  res.statusCode = 200\n                  res.setHeader('content-type', 'application/json')\n                  res.end(\n                    JSON.stringify({\n                      ok: true,\n                      mode: 'enhanced',\n                      backend: hermesApiUrl,\n                    }),\n                  )\n                  return\n                }\n                if (hasModels) {\n                  res.statusCode = 200\n                  res.setHeader('content-type', 'application/json')\n                  res.end(\n                    JSON.stringify({\n                      ok: true,\n                      mode: 'portable',\n                      backend: hermesApiUrl,\n                    }),\n                  )\n                  return\n                }\n                // Fall back to /health for full Hermes backends\n                const healthRes = await fetch(`${hermesApiUrl}/health`, {\n                  signal: AbortSignal.timeout(3000),\n                })\n                res.statusCode = healthRes.ok ? 200 : 502\n                res.setHeader('content-type', 'application/json')\n                res.end(\n                  JSON.stringify({\n                    ok: healthRes.ok,\n                    mode: 'enhanced',\n                    backend: hermesApiUrl,\n                  }),\n                )\n              } catch {\n                res.statusCode = 502\n                res.setHeader('content-type', 'application/json')\n                res.end(\n                  JSON.stringify({\n                    ok: false,\n                    mode: 'disconnected',\n                    backend: hermesApiUrl,\n                  }),\n                )\n              }\n              return\n            }\n\n            if (\n              req.method !== 'POST' ||\n              requestPath !== '/api/workspace/daemon/restart'\n            ) {\n              next()\n              return\n            }\n\n            try {\n              await restartWorkspaceDaemon()\n              res.statusCode = 200\n              res.setHeader('content-type', 'application/json')\n              res.end(JSON.stringify({ ok: true }))\n            } catch (error) {\n              res.statusCode = 500\n              res.setHeader('content-type', 'application/json')\n              res.end(\n                JSON.stringify({\n                  error:\n                    error instanceof Error ? error.message : 'Internal error',\n                }),\n              )\n            }\n          })\n\n          server.httpServer?.on('close', () => {\n            workspaceDaemonShuttingDown = true\n            workspaceDaemonStarted = false\n            workspaceDaemonStarting = false\n            if (workspaceDaemonChild) {\n              workspaceDaemonChild.kill()\n              workspaceDaemonChild = null\n            }\n          })\n\n          // Auto-start the local services that are owned by this monorepo.\n          if (command === 'serve') {\n            void startSemantierBackend()\n            void startHermesDashboard()\n            void startHermesGateway()\n          }\n\n          // Shutdown managed child processes when dev server stops.\n          server.httpServer?.on('close', () => {\n            if (semantierBackendChild) {\n              console.log(`${localServiceLabel('semantier-backend')} Stopping...`)\n              semantierBackendChild.kill('SIGTERM')\n              semantierBackendChild = null\n              semantierBackendStarted = false\n            }\n            if (hermesDashboardChild) {\n              console.log(`${localServiceLabel('hermes-dashboard')} Stopping...`)\n              hermesDashboardChild.kill('SIGTERM')\n              hermesDashboardChild = null\n              hermesDashboardStarted = false\n            }\n            if (hermesGatewayChild) {\n              console.log(`${localServiceLabel('hermes-gateway')} Stopping...`)\n              hermesGatewayChild.kill('SIGTERM')\n              hermesGatewayChild = null\n              hermesGatewayStarted = false\n            }\n          })\n\n          if (\n            command !== 'serve' ||\n            workspaceDaemonStarted ||\n            workspaceDaemonStarting\n          )\n            return\n\n          workspaceDaemonStarting = true\n          void (async () => {\n            const running = await isPortInUse(Number(workspaceDaemonPort))\n            if (workspaceDaemonStarted) {\n              workspaceDaemonStarting = false\n              return\n            }\n\n            if (running) {\n              const healthy = await hasHealthyWorkspaceDaemon()\n              if (healthy) {\n                workspaceDaemonStarting = false\n                console.log('[workspace-daemon] Reusing existing daemon')\n                return\n              }\n\n              try {\n                execSync(\n                  `lsof -ti:${workspaceDaemonPort} | xargs kill -9 2>/dev/null || true`,\n                )\n              } catch {\n                // ignore stale cleanup failures and continue with a fresh spawn\n              }\n            }\n\n            startWorkspaceDaemon()\n          })()\n        },\n      },\n      // Client-only: replace process.env references in client bundles\n      // Server bundles must keep real process.env for Docker runtime env vars\n      {\n        name: 'client-process-env',\n        enforce: 'pre',\n        transform(code, _id) {\n          const envName = this.environment?.name\n          if (envName !== 'client') return null\n          if (\n            !code.includes('process.env') &&\n            !code.includes('process.platform')\n          )\n            return null\n\n          // Replace specific env vars first, then the generic fallback\n          let result = code\n          result = result.replace(\n            /process\\.env\\.HERMES_API_URL/g,\n            JSON.stringify(hermesApiUrl),\n          )\n          result = result.replace(\n            /process\\.env\\.HERMES_API_TOKEN/g,\n            JSON.stringify(env.HERMES_API_TOKEN || ''),\n          )\n          result = result.replace(\n            /process\\.env\\.NODE_ENV/g,\n            JSON.stringify(mode),\n          )\n          result = result.replace(/process\\.env/g, '{}')\n          result = result.replace(/process\\.platform/g, '\"browser\"')\n          return result\n        },\n      },\n      // Copy pty-helper.py into the server assets directory after build\n      {\n        name: 'copy-pty-helper',\n        closeBundle() {\n          const src = resolve('src/server/pty-helper.py')\n          const destDir = resolve('dist/server/assets')\n          const dest = resolve(destDir, 'pty-helper.py')\n          if (existsSync(src)) {\n            mkdirSync(destDir, { recursive: true })\n            copyFileSync(src, dest)\n          }\n        },\n      },\n    ],\n  }\n})\n\nexport default config\n"

      at <anonymous> (/home/chris/repo/Vibe-Trading/hermes-workspace/src/server/dev-startup-config.test.ts:14:20)
(fail) dev startup config > auto-starts the Semantier backend and Hermes dashboard wrapper [2.61ms]

 0 pass
 1 fail
 1 expect() calls
Ran 1 test across 1 file. [20.00ms]
